// Jest Snapshot v1, https://goo.gl/fbAQLP

exports[`Render MyTabs 1`] = `<mytabs />`;
